// Vitest Snapshot v1

exports[`App > should render 1`] = `
<DocumentFragment>
  <div
    class="App__4h283f1"
  >
    <header
      class="App__4h283f3"
    >
      <img
        alt="logo"
        class="App__4h283f2"
        src="/src/logo.svg"
      />
      <p>
        Hello Vite + React!
      </p>
      <p>
        <button
          class="Button__1bfezsx0"
          type="button"
        >
          count is: 0
        </button>
      </p>
      <p>
        Update 
        <code>
          App.tsx
        </code>
         and save to test HMR updates.
      </p>
      <p>
        <a
          class="App__4h283f4"
          href="https://reactjs.org"
          rel="noopener noreferrer"
          target="_blank"
        >
          Learn React
        </a>
         | 
        <a
          class="App__4h283f4"
          href="https://vitejs.dev/guide/features.html"
          rel="noopener noreferrer"
          target="_blank"
        >
          Vite Docs
        </a>
      </p>
    </header>
  </div>
</DocumentFragment>
`;
